#-----------------------------------------------------------
# Vivado v2021.1 (64-bit)
# SW Build 3247384 on Thu Jun 10 19:36:33 MDT 2021
# IP Build 3246043 on Fri Jun 11 00:30:35 MDT 2021
# Start of session at: Mon Apr 18 14:10:49 2022
# Process ID: 21780
# Current directory: C:/Users/liams/Documents/GitHub/Virtex-HDL
# Command line: vivado.exe -gui_launcher_event rodinguilauncherevent17676 C:\Users\liams\Documents\GitHub\Virtex-HDL\Virtex-HDL.xpr
# Log file: C:/Users/liams/Documents/GitHub/Virtex-HDL/vivado.log
# Journal file: C:/Users/liams/Documents/GitHub/Virtex-HDL\vivado.jou
#-----------------------------------------------------------
start_gui
open_project C:/Users/liams/Documents/GitHub/Virtex-HDL/Virtex-HDL.xpr
launch_simulation
source VisionTest.tcl
relaunch_sim
relaunch_sim
relaunch_sim
relaunch_sim
relaunch_sim
relaunch_sim
relaunch_sim
relaunch_sim
relaunch_sim
relaunch_sim
relaunch_sim
relaunch_sim
relaunch_sim
launch_runs synth_1 -jobs 20
wait_on_run synth_1
relaunch_sim
relaunch_sim
relaunch_sim
run all
relaunch_sim
restart
run all
current_wave_config {Untitled 1}
add_wave {{/VisionTest/VisionProcessor/makerState}} 
current_wave_config {Untitled 1}
add_wave {{/VisionTest/VisionProcessor/targetSelectorDone}} 
relaunch_sim
run all
current_wave_config {Untitled 1}
add_wave {{/VisionTest/VisionProcessor/trainFinishedIndex}} 
current_wave_config {Untitled 1}
add_wave {{/VisionTest/VisionProcessor/trainGrowingIndex}} 
current_wave_config {Untitled 1}
add_wave {{/VisionTest/VisionProcessor/trainAlmostDone}} 
current_wave_config {Untitled 1}
add_wave {{/VisionTest/VisionProcessor/trainDone}} 
current_wave_config {Untitled 1}
add_wave {{/VisionTest/VisionProcessor/trainPartion}} 
current_wave_config {Untitled 1}
add_wave {{/VisionTest/VisionProcessor/trainInitDone}} 
current_wave_config {Untitled 1}
add_wave {{/VisionTest/VisionProcessor/targetCurrent}} 
current_wave_config {Untitled 1}
add_wave {{/VisionTest/VisionProcessor/targetInitStep}} 
current_wave_config {Untitled 1}
add_wave {{/VisionTest/VisionProcessor/targetPartion}} 
current_wave_config {Untitled 1}
add_wave {{/VisionTest/VisionProcessor/targetIndexBs}} 
current_wave_config {Untitled 1}
add_wave {{/VisionTest/VisionProcessor/targetSelectorDone}} 
save_wave_config {C:/Users/liams/Documents/GitHub/Virtex-HDL/VisionTest_behav.wcfg}
add_files -fileset sim_1 -norecurse C:/Users/liams/Documents/GitHub/Virtex-HDL/VisionTest_behav.wcfg
set_property xsim.view {C:/Users/liams/Documents/GitHub/Virtex-HDL/Virtex-HDL.sim/TopTest_behav.wcfg C:/Users/liams/Documents/GitHub/Virtex-HDL/behav.wcfg C:/Users/liams/Documents/GitHub/Virtex-HDL/VisionTest_behav.wcfg} [get_filesets sim_1]
relaunch_sim
run all
current_wave_config {Untitled 1}
add_wave {{/VisionTest/VisionProcessor/makerGrowingIndex}} 
run all
current_wave_config {VisionTest_behav.wcfg}
add_wave {{/VisionTest/VisionProcessor/runFIFOEmpty}} 
current_wave_config {VisionTest_behav.wcfg}
add_wave {{/VisionTest/VisionProcessor/runFIFORead}} 
run all
run all
relaunch_sim
restart
run 1 ms
run all
relaunch_sim
restart
run all
relaunch_sim
restart
run all
run all
save_wave_config {C:/Users/liams/Documents/GitHub/Virtex-HDL/VisionTest_behav.wcfg}
close_sim
launch_simulation
open_wave_config C:/Users/liams/Documents/GitHub/Virtex-HDL/VisionTest_behav.wcfg
source VisionTest.tcl
close_sim
launch_simulation
open_wave_config C:/Users/liams/Documents/GitHub/Virtex-HDL/VisionTest_behav.wcfg
source VisionTest.tcl
relaunch_sim
relaunch_sim
run all
relaunch_sim
relaunch_sim
relaunch_sim
restart
run all
relaunch_sim
restart
run all
relaunch_sim
run all
relaunch_sim
relaunch_sim
run all
relaunch_sim
run all
close_sim
launch_simulation
open_wave_config C:/Users/liams/Documents/GitHub/Virtex-HDL/VisionTest_behav.wcfg
source VisionTest.tcl
restart
run all
relaunch_sim
run all
run all
relaunch_sim
run all
run all
current_wave_config {VisionTest_behav.wcfg}
add_wave {{/VisionTest/_wait}} 
relaunch_sim
run all
relaunch_sim
run all
relaunch_sim
run all
run all
